[    2579ms] [ERROR] Failed to load resource: the server responded with a status of 404 (Not Found) @ http://localhost:5000/favicon.svg:0
[  278713ms] [ERROR] Failed to load resource: net::ERR_CONNECTION_RESET @ http://localhost:5000/api/voz/eventos:0
[  284089ms] [ERROR] Failed to load resource: net::ERR_CONNECTION_REFUSED @ http://localhost:5000/api/voz/eventos:0
[  284247ms] [ERROR] Failed to load resource: net::ERR_CONNECTION_REFUSED @ http://localhost:5000/api/voz/dictado:0
[  289449ms] [ERROR] Failed to load resource: net::ERR_CONNECTION_REFUSED @ http://localhost:5000/api/voz/eventos:0
[  294815ms] [ERROR] Failed to load resource: net::ERR_CONNECTION_REFUSED @ http://localhost:5000/api/voz/eventos:0
[  300172ms] [ERROR] Failed to load resource: net::ERR_CONNECTION_REFUSED @ http://localhost:5000/api/voz/eventos:0
[  305536ms] [ERROR] Failed to load resource: net::ERR_CONNECTION_REFUSED @ http://localhost:5000/api/voz/eventos:0
[  310890ms] [ERROR] Failed to load resource: net::ERR_CONNECTION_REFUSED @ http://localhost:5000/api/voz/eventos:0
[  316258ms] [ERROR] Failed to load resource: net::ERR_CONNECTION_REFUSED @ http://localhost:5000/api/voz/eventos:0
[  321631ms] [ERROR] Failed to load resource: net::ERR_CONNECTION_REFUSED @ http://localhost:5000/api/voz/eventos:0
[  326992ms] [ERROR] Failed to load resource: net::ERR_CONNECTION_REFUSED @ http://localhost:5000/api/voz/eventos:0
[  446232ms] [ERROR] Failed to load resource: net::ERR_CONNECTION_RESET @ http://localhost:5000/api/voz/eventos:0
[  451599ms] [ERROR] Failed to load resource: net::ERR_CONNECTION_REFUSED @ http://localhost:5000/api/voz/eventos:0
[  457008ms] [ERROR] Failed to load resource: net::ERR_CONNECTION_REFUSED @ http://localhost:5000/api/voz/eventos:0
[  462387ms] [ERROR] Failed to load resource: net::ERR_CONNECTION_REFUSED @ http://localhost:5000/api/voz/eventos:0
[  466013ms] [ERROR] Failed to load resource: net::ERR_CONNECTION_REFUSED @ http://localhost:5000/api/voz/dictado:0
[  466278ms] [ERROR] Failed to load resource: net::ERR_CONNECTION_REFUSED @ http://localhost:5000/api/voz/eventos:0
[  471628ms] [ERROR] Failed to load resource: net::ERR_CONNECTION_REFUSED @ http://localhost:5000/api/voz/eventos:0
[  477005ms] [ERROR] Failed to load resource: net::ERR_CONNECTION_REFUSED @ http://localhost:5000/api/voz/eventos:0
[  482376ms] [ERROR] Failed to load resource: net::ERR_CONNECTION_REFUSED @ http://localhost:5000/api/voz/eventos:0
[  487741ms] [ERROR] Failed to load resource: net::ERR_CONNECTION_REFUSED @ http://localhost:5000/api/voz/eventos:0
[  493114ms] [ERROR] Failed to load resource: net::ERR_CONNECTION_REFUSED @ http://localhost:5000/api/voz/eventos:0
[  498473ms] [ERROR] Failed to load resource: net::ERR_CONNECTION_REFUSED @ http://localhost:5000/api/voz/eventos:0
[  941438ms] [ERROR] Failed to load resource: the server responded with a status of 404 (Not Found) @ http://localhost:5000/api/tablas/HU_BB_VS_LIMP_FISH/1-14bb/BB_VS_3WAY_LIMP:0
[  941442ms] [ERROR] Failed to load resource: the server responded with a status of 404 (Not Found) @ http://localhost:5000/api/tablas/HU_BB_VS_LIMP_FISH/1-5bb/BB_VS_3WAY_LIMP:0
[  955068ms] [ERROR] Failed to load resource: the server responded with a status of 404 (Not Found) @ http://localhost:5000/api/tablas/3MAX_BB_VS_3WAY_LIMP_FISH_FISH/1-5bb/BB_VS_SB_LIMP:0
[  955075ms] [ERROR] Failed to load resource: the server responded with a status of 404 (Not Found) @ http://localhost:5000/api/tablas/3MAX_BB_VS_3WAY_LIMP_FISH_FISH/1-14bb/BB_VS_SB_LIMP:0
[  959182ms] [ERROR] Failed to load resource: the server responded with a status of 404 (Not Found) @ http://localhost:5000/api/tablas/3MAX_SB_VS_BB_FISH_FISH/1-14bb/BB_VS_3WAY_LIMP:0
[  959186ms] [ERROR] Failed to load resource: the server responded with a status of 404 (Not Found) @ http://localhost:5000/api/tablas/3MAX_SB_VS_BB_FISH_FISH/1-2bb/BB_VS_3WAY_LIMP:0
[ 1004406ms] [ERROR] Failed to load resource: net::ERR_CONNECTION_RESET @ http://localhost:5000/api/voz/eventos:0
[ 1009758ms] [ERROR] Failed to load resource: net::ERR_CONNECTION_REFUSED @ http://localhost:5000/api/voz/eventos:0
[ 1010021ms] [ERROR] Failed to load resource: net::ERR_CONNECTION_REFUSED @ http://localhost:5000/api/voz/dictado:0
[ 1013919ms] [ERROR] Failed to load resource: net::ERR_CONNECTION_REFUSED @ http://localhost:5000/api/voz/dictado:0
[ 1014169ms] [ERROR] Failed to load resource: net::ERR_CONNECTION_REFUSED @ http://localhost:5000/api/voz/eventos:0
[ 1017531ms] [ERROR] Failed to load resource: net::ERR_CONNECTION_REFUSED @ http://localhost:5000/api/voz/dictado:0
[ 1017782ms] [ERROR] Failed to load resource: net::ERR_CONNECTION_REFUSED @ http://localhost:5000/api/voz/eventos:0
[ 1022836ms] [ERROR] Failed to load resource: net::ERR_CONNECTION_REFUSED @ http://localhost:5000/api/voz/dictado:0
[ 1023100ms] [ERROR] Failed to load resource: net::ERR_CONNECTION_REFUSED @ http://localhost:5000/api/voz/eventos:0
[ 1027021ms] [ERROR] Failed to load resource: net::ERR_CONNECTION_REFUSED @ http://localhost:5000/api/voz/dictado:0
[ 1027303ms] [ERROR] Failed to load resource: net::ERR_CONNECTION_REFUSED @ http://localhost:5000/api/voz/eventos:0
[ 1032650ms] [ERROR] Failed to load resource: net::ERR_CONNECTION_REFUSED @ http://localhost:5000/api/voz/eventos:0
[ 1038018ms] [ERROR] Failed to load resource: net::ERR_CONNECTION_REFUSED @ http://localhost:5000/api/voz/eventos:0
[ 1038251ms] [ERROR] Failed to load resource: net::ERR_CONNECTION_REFUSED @ http://localhost:5000/api/voz/dictado:0
[ 1043394ms] [ERROR] Failed to load resource: net::ERR_CONNECTION_REFUSED @ http://localhost:5000/api/voz/eventos:0
